[INFO] Scanning for projects...
[INFO] 
[INFO] ----------------< com.smartcampus:smart-campus-booking >----------------
[INFO] Building Smart Campus Booking Service 1.0.0
[INFO]   from pom.xml
[INFO] --------------------------------[ jar ]---------------------------------
[INFO] 
[INFO] --- resources:3.3.1:resources (default-resources) @ smart-campus-booking ---
[INFO] Copying 1 resource from src\main\resources to target\classes
[INFO] Copying 0 resource from src\main\resources to target\classes
[INFO] 
[INFO] --- compiler:3.11.0:compile (default-compile) @ smart-campus-booking ---
[INFO] Changes detected - recompiling the module! :source
[INFO] Compiling 95 source files with javac [debug release 17] to target\classes
[INFO] -------------------------------------------------------------
[ERROR] COMPILATION ERROR : 
[INFO] -------------------------------------------------------------
[ERROR] /e:/PAF project/src/main/java/com/smartcampus/ticketing/service/IncidentServiceImpl.java:[4,37] package com.smartcampus.ticketing.dto does not exist
[ERROR] /e:/PAF project/src/main/java/com/smartcampus/ticketing/service/IncidentServiceImpl.java:[5,37] package com.smartcampus.ticketing.dto does not exist
[ERROR] /e:/PAF project/src/main/java/com/smartcampus/ticketing/service/IncidentServiceImpl.java:[6,37] package com.smartcampus.ticketing.dto does not exist
[ERROR] /e:/PAF project/src/main/java/com/smartcampus/ticketing/service/IncidentServiceImpl.java:[7,39] package com.smartcampus.ticketing.model does not exist
[ERROR] /e:/PAF project/src/main/java/com/smartcampus/ticketing/service/IncidentServiceImpl.java:[8,39] package com.smartcampus.ticketing.model does not exist
[ERROR] /e:/PAF project/src/main/java/com/smartcampus/ticketing/service/IncidentServiceImpl.java:[9,39] package com.smartcampus.ticketing.model does not exist
[ERROR] /e:/PAF project/src/main/java/com/smartcampus/ticketing/service/IncidentServiceImpl.java:[10,44] package com.smartcampus.ticketing.repository does not exist
[ERROR] /e:/PAF project/src/main/java/com/smartcampus/ticketing/service/IncidentServiceImpl.java:[20,45] cannot find symbol
  symbol: class IncidentService
[ERROR] /e:/PAF project/src/main/java/com/smartcampus/ticketing/service/IncidentServiceImpl.java:[22,19] cannot find symbol
  symbol:   class IncidentRepository
  location: class com.smartcampus.ticketing.service.IncidentServiceImpl
[ERROR] /e:/PAF project/src/main/java/com/smartcampus/ticketing/service/IncidentServiceImpl.java:[25,32] cannot find symbol
  symbol:   class IncidentRepository
  location: class com.smartcampus.ticketing.service.IncidentServiceImpl
[ERROR] /e:/PAF project/src/main/java/com/smartcampus/ticketing/service/IncidentServiceImpl.java:[31,44] cannot find symbol
  symbol:   class IncidentRequest
  location: class com.smartcampus.ticketing.service.IncidentServiceImpl
[ERROR] /e:/PAF project/src/main/java/com/smartcampus/ticketing/service/IncidentServiceImpl.java:[31,12] cannot find symbol
  symbol:   class IncidentResponse
  location: class com.smartcampus.ticketing.service.IncidentServiceImpl
[ERROR] /e:/PAF project/src/main/java/com/smartcampus/ticketing/service/IncidentServiceImpl.java:[47,17] cannot find symbol
  symbol:   class IncidentResponse
  location: class com.smartcampus.ticketing.service.IncidentServiceImpl
[ERROR] /e:/PAF project/src/main/java/com/smartcampus/ticketing/service/IncidentServiceImpl.java:[55,17] cannot find symbol
  symbol:   class IncidentResponse
  location: class com.smartcampus.ticketing.service.IncidentServiceImpl
[ERROR] /e:/PAF project/src/main/java/com/smartcampus/ticketing/service/IncidentServiceImpl.java:[63,17] cannot find symbol
  symbol:   class IncidentResponse
  location: class com.smartcampus.ticketing.service.IncidentServiceImpl
[ERROR] /e:/PAF project/src/main/java/com/smartcampus/ticketing/service/IncidentServiceImpl.java:[71,12] cannot find symbol
  symbol:   class IncidentResponse
  location: class com.smartcampus.ticketing.service.IncidentServiceImpl
[ERROR] /e:/PAF project/src/main/java/com/smartcampus/ticketing/service/IncidentServiceImpl.java:[78,55] cannot find symbol
  symbol:   class IncidentRequest
  location: class com.smartcampus.ticketing.service.IncidentServiceImpl
[ERROR] /e:/PAF project/src/main/java/com/smartcampus/ticketing/service/IncidentServiceImpl.java:[78,12] cannot find symbol
  symbol:   class IncidentResponse
  location: class com.smartcampus.ticketing.service.IncidentServiceImpl
[ERROR] /e:/PAF project/src/main/java/com/smartcampus/ticketing/service/IncidentServiceImpl.java:[103,51] cannot find symbol
  symbol:   class CommentRequest
  location: class com.smartcampus.ticketing.service.IncidentServiceImpl
[ERROR] /e:/PAF project/src/main/java/com/smartcampus/ticketing/service/IncidentServiceImpl.java:[103,12] cannot find symbol
  symbol:   class IncidentResponse
  location: class com.smartcampus.ticketing.service.IncidentServiceImpl
[ERROR] /e:/PAF project/src/main/java/com/smartcampus/ticketing/service/IncidentServiceImpl.java:[30,5] method does not override or implement a method from a supertype
[ERROR] /e:/PAF project/src/main/java/com/smartcampus/ticketing/service/IncidentServiceImpl.java:[32,9] cannot find symbol
  symbol:   class Incident
  location: class com.smartcampus.ticketing.service.IncidentServiceImpl
[ERROR] /e:/PAF project/src/main/java/com/smartcampus/ticketing/service/IncidentServiceImpl.java:[32,33] cannot find symbol
  symbol:   class Incident
  location: class com.smartcampus.ticketing.service.IncidentServiceImpl
[ERROR] /e:/PAF project/src/main/java/com/smartcampus/ticketing/service/IncidentServiceImpl.java:[37,80] cannot find symbol
  symbol:   variable IncidentStatus
  location: class com.smartcampus.ticketing.service.IncidentServiceImpl
[ERROR] /e:/PAF project/src/main/java/com/smartcampus/ticketing/service/IncidentServiceImpl.java:[41,9] cannot find symbol
  symbol:   class Incident
  location: class com.smartcampus.ticketing.service.IncidentServiceImpl
[ERROR] /e:/PAF project/src/main/java/com/smartcampus/ticketing/service/IncidentServiceImpl.java:[42,16] cannot find symbol
  symbol:   variable IncidentResponse
  location: class com.smartcampus.ticketing.service.IncidentServiceImpl
[ERROR] /e:/PAF project/src/main/java/com/smartcampus/ticketing/service/IncidentServiceImpl.java:[45,5] method does not override or implement a method from a supertype
[ERROR] /e:/PAF project/src/main/java/com/smartcampus/ticketing/service/IncidentServiceImpl.java:[49,22] cannot find symbol
  symbol:   variable IncidentResponse
  location: class com.smartcampus.ticketing.service.IncidentServiceImpl
[ERROR] /e:/PAF project/src/main/java/com/smartcampus/ticketing/service/IncidentServiceImpl.java:[53,5] method does not override or implement a method from a supertype
[ERROR] /e:/PAF project/src/main/java/com/smartcampus/ticketing/service/IncidentServiceImpl.java:[57,22] cannot find symbol
  symbol:   variable IncidentResponse
  location: class com.smartcampus.ticketing.service.IncidentServiceImpl
[ERROR] /e:/PAF project/src/main/java/com/smartcampus/ticketing/service/IncidentServiceImpl.java:[61,5] method does not override or implement a method from a supertype
[ERROR] /e:/PAF project/src/main/java/com/smartcampus/ticketing/service/IncidentServiceImpl.java:[65,22] cannot find symbol
  symbol:   variable IncidentResponse
  location: class com.smartcampus.ticketing.service.IncidentServiceImpl
[ERROR] /e:/PAF project/src/main/java/com/smartcampus/ticketing/service/IncidentServiceImpl.java:[69,5] method does not override or implement a method from a supertype
[ERROR] /e:/PAF project/src/main/java/com/smartcampus/ticketing/service/IncidentServiceImpl.java:[72,9] cannot find symbol
  symbol:   class Incident
  location: class com.smartcampus.ticketing.service.IncidentServiceImpl
[ERROR] /e:/PAF project/src/main/java/com/smartcampus/ticketing/service/IncidentServiceImpl.java:[74,16] cannot find symbol
  symbol:   variable IncidentResponse
  location: class com.smartcampus.ticketing.service.IncidentServiceImpl
[ERROR] /e:/PAF project/src/main/java/com/smartcampus/ticketing/service/IncidentServiceImpl.java:[77,5] method does not override or implement a method from a supertype
[ERROR] /e:/PAF project/src/main/java/com/smartcampus/ticketing/service/IncidentServiceImpl.java:[79,9] cannot find symbol
  symbol:   class Incident
  location: class com.smartcampus.ticketing.service.IncidentServiceImpl
[ERROR] /e:/PAF project/src/main/java/com/smartcampus/ticketing/service/IncidentServiceImpl.java:[98,9] cannot find symbol
  symbol:   class Incident
  location: class com.smartcampus.ticketing.service.IncidentServiceImpl
[ERROR] /e:/PAF project/src/main/java/com/smartcampus/ticketing/service/IncidentServiceImpl.java:[99,16] cannot find symbol
  symbol:   variable IncidentResponse
  location: class com.smartcampus.ticketing.service.IncidentServiceImpl
[ERROR] /e:/PAF project/src/main/java/com/smartcampus/ticketing/service/IncidentServiceImpl.java:[102,5] method does not override or implement a method from a supertype
[ERROR] /e:/PAF project/src/main/java/com/smartcampus/ticketing/service/IncidentServiceImpl.java:[104,9] cannot find symbol
  symbol:   class Incident
  location: class com.smartcampus.ticketing.service.IncidentServiceImpl
[ERROR] /e:/PAF project/src/main/java/com/smartcampus/ticketing/service/IncidentServiceImpl.java:[107,9] cannot find symbol
  symbol:   class DiscussionEntry
  location: class com.smartcampus.ticketing.service.IncidentServiceImpl
[ERROR] /e:/PAF project/src/main/java/com/smartcampus/ticketing/service/IncidentServiceImpl.java:[107,37] cannot find symbol
  symbol:   class DiscussionEntry
  location: class com.smartcampus.ticketing.service.IncidentServiceImpl
[ERROR] /e:/PAF project/src/main/java/com/smartcampus/ticketing/service/IncidentServiceImpl.java:[110,9] cannot find symbol
  symbol:   class Incident
  location: class com.smartcampus.ticketing.service.IncidentServiceImpl
[ERROR] /e:/PAF project/src/main/java/com/smartcampus/ticketing/service/IncidentServiceImpl.java:[111,16] cannot find symbol
  symbol:   variable IncidentResponse
  location: class com.smartcampus.ticketing.service.IncidentServiceImpl
[ERROR] /e:/PAF project/src/main/java/com/smartcampus/ticketing/service/IncidentServiceImpl.java:[114,5] method does not override or implement a method from a supertype
[INFO] 46 errors 
[INFO] -------------------------------------------------------------
[INFO] ------------------------------------------------------------------------
[INFO] BUILD FAILURE
[INFO] ------------------------------------------------------------------------
[INFO] Total time:  2.595 s
[INFO] Finished at: 2026-04-24T09:30:37+05:30
[INFO] ------------------------------------------------------------------------
[ERROR] Failed to execute goal org.apache.maven.plugins:maven-compiler-plugin:3.11.0:compile (default-compile) on project smart-campus-booking: Compilation failure: Compilation failure: 
[ERROR] /e:/PAF project/src/main/java/com/smartcampus/ticketing/service/IncidentServiceImpl.java:[4,37] package com.smartcampus.ticketing.dto does not exist
[ERROR] /e:/PAF project/src/main/java/com/smartcampus/ticketing/service/IncidentServiceImpl.java:[5,37] package com.smartcampus.ticketing.dto does not exist
[ERROR] /e:/PAF project/src/main/java/com/smartcampus/ticketing/service/IncidentServiceImpl.java:[6,37] package com.smartcampus.ticketing.dto does not exist
[ERROR] /e:/PAF project/src/main/java/com/smartcampus/ticketing/service/IncidentServiceImpl.java:[7,39] package com.smartcampus.ticketing.model does not exist
[ERROR] /e:/PAF project/src/main/java/com/smartcampus/ticketing/service/IncidentServiceImpl.java:[8,39] package com.smartcampus.ticketing.model does not exist
[ERROR] /e:/PAF project/src/main/java/com/smartcampus/ticketing/service/IncidentServiceImpl.java:[9,39] package com.smartcampus.ticketing.model does not exist
[ERROR] /e:/PAF project/src/main/java/com/smartcampus/ticketing/service/IncidentServiceImpl.java:[10,44] package com.smartcampus.ticketing.repository does not exist
[ERROR] /e:/PAF project/src/main/java/com/smartcampus/ticketing/service/IncidentServiceImpl.java:[20,45] cannot find symbol
[ERROR]   symbol: class IncidentService
[ERROR] /e:/PAF project/src/main/java/com/smartcampus/ticketing/service/IncidentServiceImpl.java:[22,19] cannot find symbol
[ERROR]   symbol:   class IncidentRepository
[ERROR]   location: class com.smartcampus.ticketing.service.IncidentServiceImpl
[ERROR] /e:/PAF project/src/main/java/com/smartcampus/ticketing/service/IncidentServiceImpl.java:[25,32] cannot find symbol
[ERROR]   symbol:   class IncidentRepository
[ERROR]   location: class com.smartcampus.ticketing.service.IncidentServiceImpl
[ERROR] /e:/PAF project/src/main/java/com/smartcampus/ticketing/service/IncidentServiceImpl.java:[31,44] cannot find symbol
[ERROR]   symbol:   class IncidentRequest
[ERROR]   location: class com.smartcampus.ticketing.service.IncidentServiceImpl
[ERROR] /e:/PAF project/src/main/java/com/smartcampus/ticketing/service/IncidentServiceImpl.java:[31,12] cannot find symbol
[ERROR]   symbol:   class IncidentResponse
[ERROR]   location: class com.smartcampus.ticketing.service.IncidentServiceImpl
[ERROR] /e:/PAF project/src/main/java/com/smartcampus/ticketing/service/IncidentServiceImpl.java:[47,17] cannot find symbol
[ERROR]   symbol:   class IncidentResponse
[ERROR]   location: class com.smartcampus.ticketing.service.IncidentServiceImpl
[ERROR] /e:/PAF project/src/main/java/com/smartcampus/ticketing/service/IncidentServiceImpl.java:[55,17] cannot find symbol
[ERROR]   symbol:   class IncidentResponse
[ERROR]   location: class com.smartcampus.ticketing.service.IncidentServiceImpl
[ERROR] /e:/PAF project/src/main/java/com/smartcampus/ticketing/service/IncidentServiceImpl.java:[63,17] cannot find symbol
[ERROR]   symbol:   class IncidentResponse
[ERROR]   location: class com.smartcampus.ticketing.service.IncidentServiceImpl
[ERROR] /e:/PAF project/src/main/java/com/smartcampus/ticketing/service/IncidentServiceImpl.java:[71,12] cannot find symbol
[ERROR]   symbol:   class IncidentResponse
[ERROR]   location: class com.smartcampus.ticketing.service.IncidentServiceImpl
[ERROR] /e:/PAF project/src/main/java/com/smartcampus/ticketing/service/IncidentServiceImpl.java:[78,55] cannot find symbol
[ERROR]   symbol:   class IncidentRequest
[ERROR]   location: class com.smartcampus.ticketing.service.IncidentServiceImpl
[ERROR] /e:/PAF project/src/main/java/com/smartcampus/ticketing/service/IncidentServiceImpl.java:[78,12] cannot find symbol
[ERROR]   symbol:   class IncidentResponse
[ERROR]   location: class com.smartcampus.ticketing.service.IncidentServiceImpl
[ERROR] /e:/PAF project/src/main/java/com/smartcampus/ticketing/service/IncidentServiceImpl.java:[103,51] cannot find symbol
[ERROR]   symbol:   class CommentRequest
[ERROR]   location: class com.smartcampus.ticketing.service.IncidentServiceImpl
[ERROR] /e:/PAF project/src/main/java/com/smartcampus/ticketing/service/IncidentServiceImpl.java:[103,12] cannot find symbol
[ERROR]   symbol:   class IncidentResponse
[ERROR]   location: class com.smartcampus.ticketing.service.IncidentServiceImpl
[ERROR] /e:/PAF project/src/main/java/com/smartcampus/ticketing/service/IncidentServiceImpl.java:[30,5] method does not override or implement a method from a supertype
[ERROR] /e:/PAF project/src/main/java/com/smartcampus/ticketing/service/IncidentServiceImpl.java:[32,9] cannot find symbol
[ERROR]   symbol:   class Incident
[ERROR]   location: class com.smartcampus.ticketing.service.IncidentServiceImpl
[ERROR] /e:/PAF project/src/main/java/com/smartcampus/ticketing/service/IncidentServiceImpl.java:[32,33] cannot find symbol
[ERROR]   symbol:   class Incident
[ERROR]   location: class com.smartcampus.ticketing.service.IncidentServiceImpl
[ERROR] /e:/PAF project/src/main/java/com/smartcampus/ticketing/service/IncidentServiceImpl.java:[37,80] cannot find symbol
[ERROR]   symbol:   variable IncidentStatus
[ERROR]   location: class com.smartcampus.ticketing.service.IncidentServiceImpl
[ERROR] /e:/PAF project/src/main/java/com/smartcampus/ticketing/service/IncidentServiceImpl.java:[41,9] cannot find symbol
[ERROR]   symbol:   class Incident
[ERROR]   location: class com.smartcampus.ticketing.service.IncidentServiceImpl
[ERROR] /e:/PAF project/src/main/java/com/smartcampus/ticketing/service/IncidentServiceImpl.java:[42,16] cannot find symbol
[ERROR]   symbol:   variable IncidentResponse
[ERROR]   location: class com.smartcampus.ticketing.service.IncidentServiceImpl
[ERROR] /e:/PAF project/src/main/java/com/smartcampus/ticketing/service/IncidentServiceImpl.java:[45,5] method does not override or implement a method from a supertype
[ERROR] /e:/PAF project/src/main/java/com/smartcampus/ticketing/service/IncidentServiceImpl.java:[49,22] cannot find symbol
[ERROR]   symbol:   variable IncidentResponse
[ERROR]   location: class com.smartcampus.ticketing.service.IncidentServiceImpl
[ERROR] /e:/PAF project/src/main/java/com/smartcampus/ticketing/service/IncidentServiceImpl.java:[53,5] method does not override or implement a method from a supertype
[ERROR] /e:/PAF project/src/main/java/com/smartcampus/ticketing/service/IncidentServiceImpl.java:[57,22] cannot find symbol
[ERROR]   symbol:   variable IncidentResponse
[ERROR]   location: class com.smartcampus.ticketing.service.IncidentServiceImpl
[ERROR] /e:/PAF project/src/main/java/com/smartcampus/ticketing/service/IncidentServiceImpl.java:[61,5] method does not override or implement a method from a supertype
[ERROR] /e:/PAF project/src/main/java/com/smartcampus/ticketing/service/IncidentServiceImpl.java:[65,22] cannot find symbol
[ERROR]   symbol:   variable IncidentResponse
[ERROR]   location: class com.smartcampus.ticketing.service.IncidentServiceImpl
[ERROR] /e:/PAF project/src/main/java/com/smartcampus/ticketing/service/IncidentServiceImpl.java:[69,5] method does not override or implement a method from a supertype
[ERROR] /e:/PAF project/src/main/java/com/smartcampus/ticketing/service/IncidentServiceImpl.java:[72,9] cannot find symbol
[ERROR]   symbol:   class Incident
[ERROR]   location: class com.smartcampus.ticketing.service.IncidentServiceImpl
[ERROR] /e:/PAF project/src/main/java/com/smartcampus/ticketing/service/IncidentServiceImpl.java:[74,16] cannot find symbol
[ERROR]   symbol:   variable IncidentResponse
[ERROR]   location: class com.smartcampus.ticketing.service.IncidentServiceImpl
[ERROR] /e:/PAF project/src/main/java/com/smartcampus/ticketing/service/IncidentServiceImpl.java:[77,5] method does not override or implement a method from a supertype
[ERROR] /e:/PAF project/src/main/java/com/smartcampus/ticketing/service/IncidentServiceImpl.java:[79,9] cannot find symbol
[ERROR]   symbol:   class Incident
[ERROR]   location: class com.smartcampus.ticketing.service.IncidentServiceImpl
[ERROR] /e:/PAF project/src/main/java/com/smartcampus/ticketing/service/IncidentServiceImpl.java:[98,9] cannot find symbol
[ERROR]   symbol:   class Incident
[ERROR]   location: class com.smartcampus.ticketing.service.IncidentServiceImpl
[ERROR] /e:/PAF project/src/main/java/com/smartcampus/ticketing/service/IncidentServiceImpl.java:[99,16] cannot find symbol
[ERROR]   symbol:   variable IncidentResponse
[ERROR]   location: class com.smartcampus.ticketing.service.IncidentServiceImpl
[ERROR] /e:/PAF project/src/main/java/com/smartcampus/ticketing/service/IncidentServiceImpl.java:[102,5] method does not override or implement a method from a supertype
[ERROR] /e:/PAF project/src/main/java/com/smartcampus/ticketing/service/IncidentServiceImpl.java:[104,9] cannot find symbol
[ERROR]   symbol:   class Incident
[ERROR]   location: class com.smartcampus.ticketing.service.IncidentServiceImpl
[ERROR] /e:/PAF project/src/main/java/com/smartcampus/ticketing/service/IncidentServiceImpl.java:[107,9] cannot find symbol
[ERROR]   symbol:   class DiscussionEntry
[ERROR]   location: class com.smartcampus.ticketing.service.IncidentServiceImpl
[ERROR] /e:/PAF project/src/main/java/com/smartcampus/ticketing/service/IncidentServiceImpl.java:[107,37] cannot find symbol
[ERROR]   symbol:   class DiscussionEntry
[ERROR]   location: class com.smartcampus.ticketing.service.IncidentServiceImpl
[ERROR] /e:/PAF project/src/main/java/com/smartcampus/ticketing/service/IncidentServiceImpl.java:[110,9] cannot find symbol
[ERROR]   symbol:   class Incident
[ERROR]   location: class com.smartcampus.ticketing.service.IncidentServiceImpl
[ERROR] /e:/PAF project/src/main/java/com/smartcampus/ticketing/service/IncidentServiceImpl.java:[111,16] cannot find symbol
[ERROR]   symbol:   variable IncidentResponse
[ERROR]   location: class com.smartcampus.ticketing.service.IncidentServiceImpl
[ERROR] /e:/PAF project/src/main/java/com/smartcampus/ticketing/service/IncidentServiceImpl.java:[114,5] method does not override or implement a method from a supertype
[ERROR] -> [Help 1]
[ERROR] 
[ERROR] To see the full stack trace of the errors, re-run Maven with the -e switch.
[ERROR] Re-run Maven using the -X switch to enable full debug logging.
[ERROR] 
[ERROR] For more information about the errors and possible solutions, please read the following articles:
[ERROR] [Help 1] http://cwiki.apache.org/confluence/display/MAVEN/MojoFailureException
